{
    "kind": "BuildConfig",
    "apiVersion": "v1",
    "metadata": {
        "name": "repository-foo",
        "creationTimestamp": null
    },
    "spec": {
        "triggers": [
            {
                "type": "Generic",
                "generic": {
                    "secret": "s3cr3t",
                    "allowEnv": true
                }
            }
        ],
        "runPolicy": "Serial",
        "source": {
            "type": "Git",
            "git": {
                "uri": "https://domain.com/bar/repository.git",
                "ref": "foo"
            },
            "sourceSecret": {
                "name": "cd-user-with-password"
            }
        },
        "strategy": {
            "type": "JenkinsPipeline",
            "jenkinsPipelineStrategy": {
                "jenkinsfilePath": "Jenkinsfile",
                "env": [{"name":"FOO_BAR","value":"baz"}]
            }
        },
        "output": {},
        "resources": {},
        "postCommit": {},
        "nodeSelector": {}
    }
}
