{"env":[{"name":"PROJECT_ID","value":"foo"},{"name":"COMPONENT_ID","value":"bar"}]}
